// Jest Snapshot v1, https://goo.gl/fbAQLP

exports[`<Product /> renders correctly 1`] = `
<Row
  align="normal"
  className="product"
  component="div"
  debug={false}
  gutterWidth={null}
  justify="start"
  nogutter={false}
  nowrap={false}
  style={Object {}}
>
  <Col
    component="div"
    debug={false}
    lg={null}
    md={null}
    offset={Object {}}
    pull={Object {}}
    push={Object {}}
    sm={null}
    style={Object {}}
    width={null}
    xl={null}
    xs={3}
    xxl={null}
  >
    <img
      alt=""
      src=""
    />
  </Col>
  <Col
    component="div"
    debug={false}
    lg={null}
    md={null}
    offset={Object {}}
    pull={Object {}}
    push={Object {}}
    sm={null}
    style={Object {}}
    width={null}
    xl={null}
    xs={6}
    xxl={null}
  >
    <div
      className="product__name"
    >
      <Truncate
        ellipsis={<_default />}
        lines={2}
        trimWhitespace={false}
        width={0}
      />
    </div>
    <div
      className="product__description"
    >
      <Truncate
        ellipsis={<_default />}
        lines={1}
        trimWhitespace={false}
        width={0}
      />
    </div>
  </Col>
  <Col
    component="div"
    debug={false}
    lg={null}
    md={null}
    offset={Object {}}
    pull={Object {}}
    push={Object {}}
    sm={null}
    style={Object {}}
    width={null}
    xl={null}
    xs={3}
    xxl={null}
  >
    NaNÄ‘
  </Col>
</Row>
`;
